['pool::tests::budget::account_position'] = {
    "cpu_cost": 39614757,
    "memory_cost": 39614757,
}
['pool::tests::budget::borrow'] = {
    "cpu_cost": 81031451,
    "memory_cost": 81031451,
}
['pool::tests::budget::collat_coeff'] = {
    "cpu_cost": 15589053,
    "memory_cost": 15589053,
}
['pool::tests::budget::configure_as_collateral'] = {
    "cpu_cost": 1427687,
    "memory_cost": 1427687,
}
['pool::tests::budget::debt_coeff'] = {
    "cpu_cost": 760726,
    "memory_cost": 760726,
}
['pool::tests::budget::deposit'] = {
    "cpu_cost": 36893246,
    "memory_cost": 36893246,
}
['pool::tests::budget::enable_borrowing_on_reserve'] = {
    "cpu_cost": 1387602,
    "memory_cost": 1387602,
}
['pool::tests::budget::flash_loan_fee'] = {
    "cpu_cost": 678689,
    "memory_cost": 678689,
}
['pool::tests::budget::get_reserve'] = {
    "cpu_cost": 742342,
    "memory_cost": 742342,
}
['pool::tests::budget::init_reserve'] = {
    "cpu_cost": 488731,
    "memory_cost": 488731,
}
['pool::tests::budget::ir_params'] = {
    "cpu_cost": 686806,
    "memory_cost": 686806,
}
['pool::tests::budget::liquidate'] = {
    "cpu_cost": 101988409,
    "memory_cost": 101988409,
}
['pool::tests::budget::paused'] = {
    "cpu_cost": 668912,
    "memory_cost": 668912,
}
['pool::tests::budget::price_feed'] = {
    "cpu_cost": 680627,
    "memory_cost": 680627,
}
['pool::tests::budget::repay'] = {
    "cpu_cost": 28277074,
    "memory_cost": 28277074,
}
['pool::tests::budget::set_as_collateral'] = {
    "cpu_cost": 39906978,
    "memory_cost": 39906978,
}
['pool::tests::budget::set_flash_loan_fee'] = {
    "cpu_cost": 1287301,
    "memory_cost": 1287301,
}
['pool::tests::budget::set_ir_params'] = {
    "cpu_cost": 1359856,
    "memory_cost": 1359856,
}
['pool::tests::budget::set_pause'] = {
    "cpu_cost": 1287249,
    "memory_cost": 1287249,
}
['pool::tests::budget::set_price_feed'] = {
    "cpu_cost": 327508,
    "memory_cost": 327508,
}
['pool::tests::budget::set_reserve_status'] = {
    "cpu_cost": 1390050,
    "memory_cost": 1390050,
}
['pool::tests::budget::stoken_underlying_balance'] = {
    "cpu_cost": 706716,
    "memory_cost": 706716,
}
['pool::tests::budget::treasury'] = {
    "cpu_cost": 119132,
    "memory_cost": 119132,
}
['pool::tests::budget::user_configuration'] = {
    "cpu_cost": 352511,
    "memory_cost": 352511,
}
['pool::tests::budget::withdraw'] = {
    "cpu_cost": 37120139,
    "memory_cost": 37120139,
}
['pool::tests::budget::account_position'] = {
    "cpu_cost": 39623494,
    "memory_cost": 39623494,
}
['pool::tests::budget::borrow'] = {
    "cpu_cost": 81023550,
    "memory_cost": 81023550,
}
['pool::tests::budget::collat_coeff'] = {
    "cpu_cost": 15587107,
    "memory_cost": 15587107,
}
['pool::tests::budget::configure_as_collateral'] = {
    "cpu_cost": 1419531,
    "memory_cost": 1419531,
}
['pool::tests::budget::debt_coeff'] = {
    "cpu_cost": 760634,
    "memory_cost": 760634,
}
['pool::tests::budget::deposit'] = {
    "cpu_cost": 36892702,
    "memory_cost": 36892702,
}
['pool::tests::budget::enable_borrowing_on_reserve'] = {
    "cpu_cost": 1388426,
    "memory_cost": 1388426,
}
['pool::tests::budget::flash_loan_fee'] = {
    "cpu_cost": 678071,
    "memory_cost": 678071,
}
['pool::tests::budget::get_reserve'] = {
    "cpu_cost": 735394,
    "memory_cost": 735394,
}
['pool::tests::budget::init_reserve'] = {
    "cpu_cost": 489761,
    "memory_cost": 489761,
}
['pool::tests::budget::ir_params'] = {
    "cpu_cost": 686188,
    "memory_cost": 686188,
}
['pool::tests::budget::liquidate'] = {
    "cpu_cost": 101980706,
    "memory_cost": 101980706,
}
['pool::tests::budget::paused'] = {
    "cpu_cost": 668912,
    "memory_cost": 668912,
}
['pool::tests::budget::price_feed'] = {
    "cpu_cost": 680009,
    "memory_cost": 680009,
}
['pool::tests::budget::repay'] = {
    "cpu_cost": 28264921,
    "memory_cost": 28264921,
}
['pool::tests::budget::set_as_collateral'] = {
    "cpu_cost": 39900692,
    "memory_cost": 39900692,
}
['pool::tests::budget::set_flash_loan_fee'] = {
    "cpu_cost": 1298425,
    "memory_cost": 1298425,
}
['pool::tests::budget::set_ir_params'] = {
    "cpu_cost": 1356560,
    "memory_cost": 1356560,
}
['pool::tests::budget::set_pause'] = {
    "cpu_cost": 1283953,
    "memory_cost": 1283953,
}
['pool::tests::budget::set_price_feed'] = {
    "cpu_cost": 329980,
    "memory_cost": 329980,
}
['pool::tests::budget::set_reserve_status'] = {
    "cpu_cost": 1385518,
    "memory_cost": 1385518,
}
['pool::tests::budget::stoken_underlying_balance'] = {
    "cpu_cost": 706716,
    "memory_cost": 706716,
}
['pool::tests::budget::treasury'] = {
    "cpu_cost": 119132,
    "memory_cost": 119132,
}
['pool::tests::budget::user_configuration'] = {
    "cpu_cost": 349421,
    "memory_cost": 349421,
}
['pool::tests::budget::withdraw'] = {
    "cpu_cost": 37138265,
    "memory_cost": 37138265,
}
